Navigating to http://localhost:5173/login ...
[Browser Console] debug: [vite] connecting...
[Browser Console] debug: [vite] connected.
[Browser Console] info: %cDownload the React DevTools for a better development experience: https://react.dev/link/react-devtools font-weight:bold
[Browser Error] useState is not defined
[Browser Console] warning: %s

%s
 An error occurred in the <Login> component. Consider adding an error boundary to your tree to customize error handling behavior.
Visit https://react.dev/link/error-boundaries to learn more about error boundaries.
